[shrihariinfo.com/index.html]
[backblue.gif]
[fade.gif]
[index.html]
[shrihariinfo.com/css/style06da.css]
[shrihariinfo.com/css/plugins.css]
[shrihariinfo.com/img/top1.png]
[shrihariinfo.com/img/appily.jpg]
[shrihariinfo.com/img/atg.jpg]
[shrihariinfo.com/img/ghazi.jpg]
[shrihariinfo.com/img/teamnest.jpg]
[shrihariinfo.com/img/atg.png]
[shrihariinfo.com/img/teamnest.png]
[shrihariinfo.com/img/dreamscope.png]
[shrihariinfo.com/img/appily.png]
[shrihariinfo.com/img/digicafe.png]
[shrihariinfo.com/img/cliometrics.png]
[shrihariinfo.com/index-2.html]
[uncommonboise.com/js/jquery.maskedinput-1.2.2.js]
[shrihariinfo.com/index.html]
[shrihariinfo.com/img/favicon.svg]
[shrihariinfo.com/js/scripts.js]
[shrihariinfo.com/fonts/fa-brands-400.eot]
[shrihariinfo.com/fonts/fa-brands-400d41dd41d.eot]
[shrihariinfo.com/fonts/fa-brands-400.woff2]
[shrihariinfo.com/fonts/fa-brands-400.woff]
[shrihariinfo.com/fonts/fa-brands-400.ttf]
[shrihariinfo.com/js/jQuery-plugins.js]
[shrihariinfo.com/fonts/fa-regular-400.eot]
[shrihariinfo.com/fonts/fa-regular-400d41dd41d.eot]
[shrihariinfo.com/fonts/fa-regular-400.woff2]
[shrihariinfo.com/fonts/fa-regular-400.woff]
[shrihariinfo.com/fonts/fa-regular-400.ttf]
[shrihariinfo.com/fonts/fa-solid-900.eot]
[shrihariinfo.com/fonts/fa-solid-900d41dd41d.eot]
[shrihariinfo.com/fonts/fa-solid-900.woff2]
[shrihariinfo.com/fonts/fa-solid-900.woff]
[shrihariinfo.com/css/plugins.css]
[shrihariinfo.com/fonts/font/Quicksand-Bold.eot]
[shrihariinfo.com/fonts/font/Quicksand-Bold.woff]
[shrihariinfo.com/fonts/font/Quicksand-Bold.ttf]
[shrihariinfo.com/fonts/font/Quicksand-Medium.eot]
[shrihariinfo.com/fonts/font/Quicksand-Medium.woff]
[shrihariinfo.com/fonts/font/Quicksand-Medium.ttf]
[shrihariinfo.com/fonts/font/Quicksand-Regular.eot]
[shrihariinfo.com/fonts/font/Quicksand-Regular.woff]
[shrihariinfo.com/fonts/font/Quicksand-Regular.ttf]
[shrihariinfo.com/img/top-bg.png]
[shrihariinfo.com/img/top_bg.jpg]
[shrihariinfo.com/img/top2.png]
[shrihariinfo.com/img/bg.png]
[shrihariinfo.com/img/left-arrow-black.png]
[shrihariinfo.com/img/right-arrow-black.png]
[shrihariinfo.com/img/right-arrow.png]
[shrihariinfo.com/img/left-arrow.png]
[shrihariinfo.com/img/inner-page.jpg]
[shrihariinfo.com/img/mission.jpg]
[shrihariinfo.com/img/vission.jpg]
[shrihariinfo.com/img/404.jpg]
[shrihariinfo.com/css/style06da.css]
[shrihariinfo.com/oss.maxcdn.com/html5shiv/3.7.2/html5shiv.min.html]
[shrihariinfo.com/oss.maxcdn.com/respond/1.4.2/respond.min.html]
[shrihariinfo.com/img/SHI_W.svg]
[shrihariinfo.com/img/SHI_B.svg]
[shrihariinfo.com/index-2.html]
[shrihariinfo.com/fonts/fa-brands-400.svg]
[shrihariinfo.com/fonts/fa-regular-400.woff2]
[shrihariinfo.com/fonts/fa-regular-400.woff]
[shrihariinfo.com/fonts/fa-regular-400.svg]
[shrihariinfo.com/webfonts/fa-solid-900.html]
[shrihariinfo.com/css/owl.video.play.html]
[shrihariinfo.com/fonts/font/Quicksand-Bold.svg]
[shrihariinfo.com/fonts/font/Quicksand-Medium.svg]
[shrihariinfo.com/fonts/font/Quicksand-Regular.svg]
[shrihariinfo.com/fonts/fa-solid-900.svg]
